// Jest Snapshot v1, https://goo.gl/fbAQLP

exports[`PokemonPage Component debe hacer match con el snapshot cuando cargan los pokemon 1`] = `
<div>
  <h1>¿Quien es este pokemón?</h1>
  <pokemon-picture-stub pokemonid="2" showpokemon="false"></pokemon-picture-stub>
  <pokemon-options-stub pokemons="[object Object],[object Object],[object Object],[object Object]"></pokemon-options-stub>
  <!--v-if-->
</div>
`;

exports[`PokemonPage Component snapshot 1`] = `<h1>Espere por favor ...</h1>`;
